// Jest Snapshot v1, https://goo.gl/fbAQLP

exports[`CardContainer should match the snapshot 1`] = `
ShallowWrapper {
  "length": 1,
  Symbol(enzyme.__root__): [Circular],
  Symbol(enzyme.__unrendered__): <CardContainer
    films={
        Array [
            Object {
              "backdrop": "url",
              "movie_id": 20,
              "overview": "Best documentary ever",
              "poster_path": "url",
              "release_date": "March 5, 2006",
              "title": "Planet Earth",
              "vote_average": "1000%",
            },
          ]
    }
/>,
  Symbol(enzyme.__renderer__): Object {
    "batchedUpdates": [Function],
    "getNode": [Function],
    "render": [Function],
    "simulateEvent": [Function],
    "unmount": [Function],
  },
  Symbol(enzyme.__node__): Object {
    "instance": null,
    "key": undefined,
    "nodeType": "host",
    "props": Object {
      "children": Array [
        <Card
          film={
                    Object {
                              "backdrop": "url",
                              "movie_id": 20,
                              "overview": "Best documentary ever",
                              "poster_path": "url",
                              "release_date": "March 5, 2006",
                              "title": "Planet Earth",
                              "vote_average": "1000%",
                            }
          }
          handleFavorite={[Function]}
          user={undefined}
/>,
      ],
      "className": "CardContainer",
    },
    "ref": null,
    "rendered": Array [
      Object {
        "instance": null,
        "key": "0",
        "nodeType": "class",
        "props": Object {
          "film": Object {
            "backdrop": "url",
            "movie_id": 20,
            "overview": "Best documentary ever",
            "poster_path": "url",
            "release_date": "March 5, 2006",
            "title": "Planet Earth",
            "vote_average": "1000%",
          },
          "handleFavorite": [Function],
          "user": undefined,
        },
        "ref": null,
        "rendered": null,
        "type": [Function],
      },
    ],
    "type": "section",
  },
  Symbol(enzyme.__nodes__): Array [
    Object {
      "instance": null,
      "key": undefined,
      "nodeType": "host",
      "props": Object {
        "children": Array [
          <Card
            film={
                        Object {
                                    "backdrop": "url",
                                    "movie_id": 20,
                                    "overview": "Best documentary ever",
                                    "poster_path": "url",
                                    "release_date": "March 5, 2006",
                                    "title": "Planet Earth",
                                    "vote_average": "1000%",
                                  }
            }
            handleFavorite={[Function]}
            user={undefined}
/>,
        ],
        "className": "CardContainer",
      },
      "ref": null,
      "rendered": Array [
        Object {
          "instance": null,
          "key": "0",
          "nodeType": "class",
          "props": Object {
            "film": Object {
              "backdrop": "url",
              "movie_id": 20,
              "overview": "Best documentary ever",
              "poster_path": "url",
              "release_date": "March 5, 2006",
              "title": "Planet Earth",
              "vote_average": "1000%",
            },
            "handleFavorite": [Function],
            "user": undefined,
          },
          "ref": null,
          "rendered": null,
          "type": [Function],
        },
      ],
      "type": "section",
    },
  ],
  Symbol(enzyme.__options__): Object {
    "adapter": ReactSixteenAdapter {
      "options": Object {
        "enableComponentDidUpdateOnSetState": true,
      },
    },
  },
}
`;
